../Core/Src/main.c:149:7:avg	40	static
../Core/Src/main.c:166:6:HAL_TIM_IC_CaptureCallback	24	static
../Core/Src/main.c:199:6:delay	24	static
../Core/Src/main.c:206:6:channelSelect	40	static
../Core/Src/main.c:231:5:main	16	static
../Core/Src/main.c:400:6:SystemClock_Config	96	static
../Core/Src/main.c:450:13:MX_ADC1_Init	48	static
../Core/Src/main.c:564:13:MX_CAN1_Init	8	static
../Core/Src/main.c:601:13:MX_TIM2_Init	64	static
../Core/Src/main.c:663:13:MX_GPIO_Init	40	static
../Core/Src/main.c:692:6:Error_Handler	4	static,ignoring_inline_asm
