../Core/Src/main.c:157:7:avg	40	static
../Core/Src/main.c:174:6:HAL_TIM_IC_CaptureCallback	24	static
../Core/Src/main.c:207:6:delay	24	static
../Core/Src/main.c:214:6:channelSelect	40	static
../Core/Src/main.c:239:5:main	16	static
../Core/Src/main.c:417:6:SystemClock_Config	96	static
../Core/Src/main.c:467:13:MX_ADC1_Init	48	static
../Core/Src/main.c:581:13:MX_CAN1_Init	8	static
../Core/Src/main.c:618:13:MX_I2C1_Init	8	static
../Core/Src/main.c:666:13:MX_TIM2_Init	64	static
../Core/Src/main.c:728:13:MX_GPIO_Init	24	static
../Core/Src/main.c:746:6:Error_Handler	4	static,ignoring_inline_asm
